Traceback (most recent call last):
  File "/usr/lib/python3.12/asyncio/runners.py", line 118, in run
    return self._loop.run_until_complete(task)
           ^^^^^^^^^^^^^^^^^^^^^^^^^^^^^^^^^^^
  File "/usr/lib/python3.12/asyncio/base_events.py", line 687, in run_until_complete
    return future.result()
           ^^^^^^^^^^^^^^^
  File "/home/ozodbek/AVEMOD_PROJECTS/abtest/audit/2026-09-27/harness/tick.py", line 7, in main
    await ABTestService(db).scheduler_tick()
  File "/home/ozodbek/AVEMOD_PROJECTS/abtest/backend/app/services/ab_test_service.py", line 5241, in scheduler_tick
    await asyncio.gather(*(run_one(user_id, test_id, safety) for user_id, test_id in candidates))
  File "/home/ozodbek/AVEMOD_PROJECTS/abtest/backend/app/services/ab_test_service.py", line 5221, in run_one
    await asyncio.wait_for(action(candidate, asyncio.Semaphore(1)), timeout_seconds)
  File "/usr/lib/python3.12/asyncio/tasks.py", line 520, in wait_for
    return await fut
           ^^^^^^^^^
  File "/home/ozodbek/AVEMOD_PROJECTS/abtest/backend/app/services/ab_test_service.py", line 5110, in _scheduler_sync_one
    await self._sync_loaded(locked_test)
  File "/home/ozodbek/AVEMOD_PROJECTS/abtest/backend/app/services/ab_test_service.py", line 4922, in _sync_loaded
    await self._settle_stage_stats(test, promotion)
  File "/home/ozodbek/AVEMOD_PROJECTS/abtest/backend/app/services/ab_test_service.py", line 817, in _settle_stage_stats
    await asyncio.sleep(delay)
  File "/usr/lib/python3.12/asyncio/tasks.py", line 665, in sleep
    return await future
           ^^^^^^^^^^^^
asyncio.exceptions.CancelledError

During handling of the above exception, another exception occurred:

Traceback (most recent call last):
  File "/home/ozodbek/AVEMOD_PROJECTS/abtest/audit/2026-09-27/harness/tick.py", line 8, in <module>
    asyncio.run(main())
  File "/usr/lib/python3.12/asyncio/runners.py", line 194, in run
    return runner.run(main)
           ^^^^^^^^^^^^^^^^
  File "/usr/lib/python3.12/asyncio/runners.py", line 123, in run
    raise KeyboardInterrupt()
KeyboardInterrupt
