A/B switch failed test_id=1 nm_id=92000 next_position=2
Traceback (most recent call last):
  File "/home/ozodbek/AVEMOD_PROJECTS/abtest/backend/app/services/ab_test_service.py", line 5192, in _sync_loaded
    await self._pause_campaign_confirmed(
  File "/home/ozodbek/AVEMOD_PROJECTS/abtest/backend/app/services/ab_test_service.py", line 2832, in _pause_campaign_confirmed
    raise ABTestReconciliationRequired(
app.services.ab_test_service.ABTestReconciliationRequired: Wildberries не подтвердил остановку показов перед изменением изображения.
A/B scheduler sync failed test_id=1 nm_id=92000
Traceback (most recent call last):
  File "/home/ozodbek/AVEMOD_PROJECTS/abtest/backend/app/services/ab_test_service.py", line 5192, in _sync_loaded
    await self._pause_campaign_confirmed(
  File "/home/ozodbek/AVEMOD_PROJECTS/abtest/backend/app/services/ab_test_service.py", line 2832, in _pause_campaign_confirmed
    raise ABTestReconciliationRequired(
app.services.ab_test_service.ABTestReconciliationRequired: Wildberries не подтвердил остановку показов перед изменением изображения.

The above exception was the direct cause of the following exception:

Traceback (most recent call last):
  File "/home/ozodbek/AVEMOD_PROJECTS/abtest/backend/app/services/ab_test_service.py", line 5384, in _scheduler_sync_one
    await self._sync_loaded(locked_test)
  File "/home/ozodbek/AVEMOD_PROJECTS/abtest/backend/app/services/ab_test_service.py", line 5260, in _sync_loaded
    raise RuntimeError(details) from exc
RuntimeError: Тест остановлен при переключении варианта 2: Wildberries не подтвердил остановку показов перед изменением изображения. | Инцидент INC-3E784CE47D37
