Traceback (most recent call last):
  File "/home/ozodbek/AVEMOD_PROJECTS/abtest/audit/2026-09-27/harness/run_backend.py", line 41, in <module>
    uvicorn.run("app.main:app", host="127.0.0.1", port=18900, log_level="info")
  File "/home/ozodbek/AVEMOD_PROJECTS/abtest/venv/lib/python3.12/site-packages/uvicorn/main.py", line 580, in run
    server.run()
  File "/home/ozodbek/AVEMOD_PROJECTS/abtest/venv/lib/python3.12/site-packages/uvicorn/server.py", line 66, in run
    return asyncio.run(self.serve(sockets=sockets))
           ^^^^^^^^^^^^^^^^^^^^^^^^^^^^^^^^^^^^^^^^
  File "/usr/lib/python3.12/asyncio/runners.py", line 194, in run
    return runner.run(main)
           ^^^^^^^^^^^^^^^^
  File "/usr/lib/python3.12/asyncio/runners.py", line 118, in run
    return self._loop.run_until_complete(task)
           ^^^^^^^^^^^^^^^^^^^^^^^^^^^^^^^^^^^
  File "uvloop/loop.pyx", line 1518, in uvloop.loop.Loop.run_until_complete
  File "/home/ozodbek/AVEMOD_PROJECTS/abtest/venv/lib/python3.12/site-packages/uvicorn/server.py", line 70, in serve
    await self._serve(sockets)
  File "/home/ozodbek/AVEMOD_PROJECTS/abtest/venv/lib/python3.12/site-packages/uvicorn/server.py", line 77, in _serve
    config.load()
  File "/home/ozodbek/AVEMOD_PROJECTS/abtest/venv/lib/python3.12/site-packages/uvicorn/config.py", line 435, in load
    self.loaded_app = import_from_string(self.app)
                      ^^^^^^^^^^^^^^^^^^^^^^^^^^^^
  File "/home/ozodbek/AVEMOD_PROJECTS/abtest/venv/lib/python3.12/site-packages/uvicorn/importer.py", line 19, in import_from_string
    module = importlib.import_module(module_str)
             ^^^^^^^^^^^^^^^^^^^^^^^^^^^^^^^^^^^
  File "/usr/lib/python3.12/importlib/__init__.py", line 90, in import_module
    return _bootstrap._gcd_import(name[level:], package, level)
           ^^^^^^^^^^^^^^^^^^^^^^^^^^^^^^^^^^^^^^^^^^^^^^^^^^^^
  File "<frozen importlib._bootstrap>", line 1387, in _gcd_import
  File "<frozen importlib._bootstrap>", line 1360, in _find_and_load
  File "<frozen importlib._bootstrap>", line 1331, in _find_and_load_unlocked
  File "<frozen importlib._bootstrap>", line 935, in _load_unlocked
  File "<frozen importlib._bootstrap_external>", line 995, in exec_module
  File "<frozen importlib._bootstrap>", line 488, in _call_with_frames_removed
  File "/home/ozodbek/AVEMOD_PROJECTS/abtest/backend/app/main.py", line 19, in <module>
    from app.routers import ab_tests, admin, auth, health, wb
  File "/home/ozodbek/AVEMOD_PROJECTS/abtest/backend/app/routers/ab_tests.py", line 6, in <module>
    from app.controllers.ab_test_controller import ABTestController
  File "/home/ozodbek/AVEMOD_PROJECTS/abtest/backend/app/controllers/ab_test_controller.py", line 7, in <module>
    from app.services.ab_test_service import ABTestService
  File "/home/ozodbek/AVEMOD_PROJECTS/abtest/backend/app/services/ab_test_service.py", line 36, in <module>
    from app.services.wb_promotion_client import WBPromotionClient
  File "/home/ozodbek/AVEMOD_PROJECTS/abtest/backend/app/services/wb_promotion_client.py", line 17, in <module>
    from app.services.wb_content_client import WBApiError, _json_or_text, _redact_token, _retry_after_seconds
ImportError: cannot import name '_redact_token' from 'app.services.wb_content_client' (/home/ozodbek/AVEMOD_PROJECTS/abtest/backend/app/services/wb_content_client.py)
