INFO  [alembic.runtime.migration] Context impl PostgresqlImpl.
INFO  [alembic.runtime.migration] Will assume transactional DDL.
INFO  [alembic.runtime.migration] Running upgrade  -> 0001_auth_and_wb_connection, create auth and wb connection tables
INFO  [alembic.runtime.migration] Running upgrade 0001_auth_and_wb_connection -> 0002_multi_wb_connections, allow multiple WB connections per user and name stores
INFO  [alembic.runtime.migration] Running upgrade 0002_multi_wb_connections -> 0003_ab_tests, add A/B test workflow tables
INFO  [alembic.runtime.migration] Running upgrade 0003_ab_tests -> 0004_ab_test_guards, add A/B outcome and running-card guard
INFO  [alembic.runtime.migration] Running upgrade 0004_ab_test_guards -> 0005_auth_attempt_guards, add login and verification attempt guards
INFO  [alembic.runtime.migration] Running upgrade 0005_auth_attempt_guards -> 0006_wb_rate_limits, add distributed WB API rate-limit reservations
INFO  [alembic.runtime.migration] Running upgrade 0006_wb_rate_limits -> 0007_ab_test_media_state, persist exact A/B media slot state for safe swaps and rollback
INFO  [alembic.runtime.migration] Running upgrade 0007_ab_test_media_state -> 0008_durable_ab_test_operations, add durable A/B operation journal and incident state
INFO  [alembic.runtime.migration] Running upgrade 0008_durable_ab_test_operations -> 0009_unified_ab_test_bid_type, store the WB bid model used by each A/B campaign
INFO  [alembic.runtime.migration] Running upgrade 0009_unified_ab_test_bid_type -> 0010_ab_test_order_metrics, store order totals returned by WB campaign statistics
INFO  [alembic.runtime.migration] Running upgrade 0010_ab_test_order_metrics -> 0011_admin_settings, add administrator role and global application settings
INFO  [alembic.runtime.migration] Running upgrade 0011_admin_settings -> 0012_admin_audit_logs, add immutable administrator audit log
INFO  [alembic.runtime.migration] Running upgrade 0012_admin_audit_logs -> 0013_stage_timeout_and_winner_safety, Stage-local timeout and explicit winner safety.
INFO  [alembic.runtime.migration] Running upgrade 0013_stage_timeout_and_winner_safety -> 0014_wb_connection_token_fingerprint, Add token fingerprint to detect the same WB store across users/connections.
INFO  [alembic.runtime.migration] Running upgrade 0014_wb_connection_token_fingerprint -> 0015_ab_test_safety_invariants, Add atomic store/card locking, stage metrics, audit events and funding provenance.
INFO  [alembic.runtime.migration] Running upgrade 0015_ab_test_safety_invariants -> 0016_final_safety_and_audit_hardening, Finalize stage attribution, audit retention and runtime safety fields.
INFO  [alembic.runtime.migration] Running upgrade 0016_final_safety_and_audit_hardening -> 0017_wb_seller_identity, Persist remotely verified WB seller identity and write access.
INFO  [alembic.runtime.migration] Running upgrade 0017_wb_seller_identity -> 0018_incident_notification_outbox, Add durable safety-incident notification outbox.
INFO  [alembic.runtime.migration] Running upgrade 0018_incident_notification_outbox -> 0019_budget_ledger, Add an immutable funding/provider-spend ledger.
INFO  [alembic.runtime.migration] Running upgrade 0019_budget_ledger -> 0020_money_as_numeric, Use fixed-point ruble amounts for all A/B-test spend fields.
