INFO  [alembic.runtime.migration] Context impl PostgresqlImpl.
INFO  [alembic.runtime.migration] Will assume transactional DDL.
INFO  [alembic.runtime.migration] Running upgrade  -> 0001_auth_and_wb_connection, create auth and wb connection tables
INFO  [alembic.runtime.migration] Running upgrade 0001_auth_and_wb_connection -> 0002_multi_wb_connections, allow multiple WB connections per user and name stores
INFO  [alembic.runtime.migration] Running upgrade 0002_multi_wb_connections -> 0003_ab_tests, add A/B test workflow tables
INFO  [alembic.runtime.migration] Running upgrade 0003_ab_tests -> 0004_ab_test_guards, add A/B outcome and running-card guard
INFO  [alembic.runtime.migration] Running upgrade 0004_ab_test_guards -> 0005_auth_attempt_guards, add login and verification attempt guards
INFO  [alembic.runtime.migration] Running upgrade 0005_auth_attempt_guards -> 0006_wb_rate_limits, add distributed WB API rate-limit reservations
INFO  [alembic.runtime.migration] Running upgrade 0006_wb_rate_limits -> 0007_ab_test_media_state, persist exact A/B media slot state for safe swaps and rollback
INFO  [alembic.runtime.migration] Running upgrade 0007_ab_test_media_state -> 0008_durable_ab_test_operations, add durable A/B operation journal and incident state
INFO  [alembic.runtime.migration] Running upgrade 0008_durable_ab_test_operations -> 0009_unified_ab_test_bid_type, store the WB bid model used by each A/B campaign
INFO  [alembic.runtime.migration] Running upgrade 0009_unified_ab_test_bid_type -> 0010_ab_test_order_metrics, store order totals returned by WB campaign statistics
INFO  [alembic.runtime.migration] Running upgrade 0010_ab_test_order_metrics -> 0011_admin_settings, add administrator role and global application settings
INFO  [alembic.runtime.migration] Running upgrade 0011_admin_settings -> 0012_admin_audit_logs, add immutable administrator audit log
INFO  [alembic.runtime.migration] Running upgrade 0012_admin_audit_logs -> 0013_stage_timeout_and_winner_safety, Stage-local timeout and explicit winner safety.
Traceback (most recent call last):
  File "/home/ozodbek/AVEMOD_PROJECTS/abtest/venv/lib/python3.12/site-packages/sqlalchemy/dialects/postgresql/asyncpg.py", line 545, in _prepare_and_execute
    self._rows = deque(await prepared_stmt.fetch(*parameters))
                       ^^^^^^^^^^^^^^^^^^^^^^^^^^^^^^^^^^^^^^
  File "/home/ozodbek/AVEMOD_PROJECTS/abtest/venv/lib/python3.12/site-packages/asyncpg/prepared_stmt.py", line 176, in fetch
    data = await self.__bind_execute(args, 0, timeout)
           ^^^^^^^^^^^^^^^^^^^^^^^^^^^^^^^^^^^^^^^^^^^
  File "/home/ozodbek/AVEMOD_PROJECTS/abtest/venv/lib/python3.12/site-packages/asyncpg/prepared_stmt.py", line 267, in __bind_execute
    data, status, _ = await self.__do_execute(
                      ^^^^^^^^^^^^^^^^^^^^^^^^
  File "/home/ozodbek/AVEMOD_PROJECTS/abtest/venv/lib/python3.12/site-packages/asyncpg/prepared_stmt.py", line 256, in __do_execute
    return await executor(protocol)
           ^^^^^^^^^^^^^^^^^^^^^^^^
  File "asyncpg/protocol/protocol.pyx", line 206, in bind_execute
asyncpg.exceptions.StringDataRightTruncationError: value too long for type character varying(32)

The above exception was the direct cause of the following exception:

Traceback (most recent call last):
  File "/home/ozodbek/AVEMOD_PROJECTS/abtest/venv/lib/python3.12/site-packages/sqlalchemy/engine/base.py", line 1964, in _exec_single_context
    self.dialect.do_execute(
  File "/home/ozodbek/AVEMOD_PROJECTS/abtest/venv/lib/python3.12/site-packages/sqlalchemy/engine/default.py", line 945, in do_execute
    cursor.execute(statement, parameters)
  File "/home/ozodbek/AVEMOD_PROJECTS/abtest/venv/lib/python3.12/site-packages/sqlalchemy/dialects/postgresql/asyncpg.py", line 580, in execute
    self._adapt_connection.await_(
  File "/home/ozodbek/AVEMOD_PROJECTS/abtest/venv/lib/python3.12/site-packages/sqlalchemy/util/_concurrency_py3k.py", line 132, in await_only
    return current.parent.switch(awaitable)  # type: ignore[no-any-return,attr-defined] # noqa: E501
           ^^^^^^^^^^^^^^^^^^^^^^^^^^^^^^^^
  File "/home/ozodbek/AVEMOD_PROJECTS/abtest/venv/lib/python3.12/site-packages/sqlalchemy/util/_concurrency_py3k.py", line 196, in greenlet_spawn
    value = await result
            ^^^^^^^^^^^^
  File "/home/ozodbek/AVEMOD_PROJECTS/abtest/venv/lib/python3.12/site-packages/sqlalchemy/dialects/postgresql/asyncpg.py", line 558, in _prepare_and_execute
    self._handle_exception(error)
  File "/home/ozodbek/AVEMOD_PROJECTS/abtest/venv/lib/python3.12/site-packages/sqlalchemy/dialects/postgresql/asyncpg.py", line 508, in _handle_exception
    self._adapt_connection._handle_exception(error)
  File "/home/ozodbek/AVEMOD_PROJECTS/abtest/venv/lib/python3.12/site-packages/sqlalchemy/dialects/postgresql/asyncpg.py", line 792, in _handle_exception
    raise translated_error from error
sqlalchemy.dialects.postgresql.asyncpg.AsyncAdapt_asyncpg_dbapi.Error: <class 'asyncpg.exceptions.StringDataRightTruncationError'>: value too long for type character varying(32)

The above exception was the direct cause of the following exception:

Traceback (most recent call last):
  File "<frozen runpy>", line 198, in _run_module_as_main
  File "<frozen runpy>", line 88, in _run_code
  File "/home/ozodbek/AVEMOD_PROJECTS/abtest/venv/lib/python3.12/site-packages/alembic/__main__.py", line 4, in <module>
    main(prog="alembic")
  File "/home/ozodbek/AVEMOD_PROJECTS/abtest/venv/lib/python3.12/site-packages/alembic/config.py", line 636, in main
    CommandLine(prog=prog).main(argv=argv)
  File "/home/ozodbek/AVEMOD_PROJECTS/abtest/venv/lib/python3.12/site-packages/alembic/config.py", line 626, in main
    self.run_cmd(cfg, options)
  File "/home/ozodbek/AVEMOD_PROJECTS/abtest/venv/lib/python3.12/site-packages/alembic/config.py", line 603, in run_cmd
    fn(
  File "/home/ozodbek/AVEMOD_PROJECTS/abtest/venv/lib/python3.12/site-packages/alembic/command.py", line 408, in upgrade
    script.run_env()
  File "/home/ozodbek/AVEMOD_PROJECTS/abtest/venv/lib/python3.12/site-packages/alembic/script/base.py", line 586, in run_env
    util.load_python_file(self.dir, "env.py")
  File "/home/ozodbek/AVEMOD_PROJECTS/abtest/venv/lib/python3.12/site-packages/alembic/util/pyfiles.py", line 95, in load_python_file
    module = load_module_py(module_id, path)
             ^^^^^^^^^^^^^^^^^^^^^^^^^^^^^^^
  File "/home/ozodbek/AVEMOD_PROJECTS/abtest/venv/lib/python3.12/site-packages/alembic/util/pyfiles.py", line 113, in load_module_py
    spec.loader.exec_module(module)  # type: ignore
    ^^^^^^^^^^^^^^^^^^^^^^^^^^^^^^^
  File "<frozen importlib._bootstrap_external>", line 995, in exec_module
  File "<frozen importlib._bootstrap>", line 488, in _call_with_frames_removed
  File "/home/ozodbek/AVEMOD_PROJECTS/abtest/backend/alembic/env.py", line 52, in <module>
    run_migrations_online()
  File "/home/ozodbek/AVEMOD_PROJECTS/abtest/backend/alembic/env.py", line 46, in run_migrations_online
    asyncio.run(run_async_migrations())
  File "/usr/lib/python3.12/asyncio/runners.py", line 194, in run
    return runner.run(main)
           ^^^^^^^^^^^^^^^^
  File "/usr/lib/python3.12/asyncio/runners.py", line 118, in run
    return self._loop.run_until_complete(task)
           ^^^^^^^^^^^^^^^^^^^^^^^^^^^^^^^^^^^
  File "/usr/lib/python3.12/asyncio/base_events.py", line 687, in run_until_complete
    return future.result()
           ^^^^^^^^^^^^^^^
  File "/home/ozodbek/AVEMOD_PROJECTS/abtest/backend/alembic/env.py", line 40, in run_async_migrations
    await connection.run_sync(do_run_migrations)
  File "/home/ozodbek/AVEMOD_PROJECTS/abtest/venv/lib/python3.12/site-packages/sqlalchemy/ext/asyncio/engine.py", line 887, in run_sync
    return await greenlet_spawn(
           ^^^^^^^^^^^^^^^^^^^^^
  File "/home/ozodbek/AVEMOD_PROJECTS/abtest/venv/lib/python3.12/site-packages/sqlalchemy/util/_concurrency_py3k.py", line 203, in greenlet_spawn
    result = context.switch(value)
             ^^^^^^^^^^^^^^^^^^^^^
  File "/home/ozodbek/AVEMOD_PROJECTS/abtest/backend/alembic/env.py", line 30, in do_run_migrations
    context.run_migrations()
  File "<string>", line 8, in run_migrations
  File "/home/ozodbek/AVEMOD_PROJECTS/abtest/venv/lib/python3.12/site-packages/alembic/runtime/environment.py", line 946, in run_migrations
    self.get_context().run_migrations(**kw)
  File "/home/ozodbek/AVEMOD_PROJECTS/abtest/venv/lib/python3.12/site-packages/alembic/runtime/migration.py", line 630, in run_migrations
    head_maintainer.update_to_step(step)
  File "/home/ozodbek/AVEMOD_PROJECTS/abtest/venv/lib/python3.12/site-packages/alembic/runtime/migration.py", line 862, in update_to_step
    self._update_version(from_, to_)
  File "/home/ozodbek/AVEMOD_PROJECTS/abtest/venv/lib/python3.12/site-packages/alembic/runtime/migration.py", line 797, in _update_version
    ret = self.context.impl._exec(
          ^^^^^^^^^^^^^^^^^^^^^^^^
  File "/home/ozodbek/AVEMOD_PROJECTS/abtest/venv/lib/python3.12/site-packages/alembic/ddl/impl.py", line 246, in _exec
    return conn.execute(construct, params)
           ^^^^^^^^^^^^^^^^^^^^^^^^^^^^^^^
  File "/home/ozodbek/AVEMOD_PROJECTS/abtest/venv/lib/python3.12/site-packages/sqlalchemy/engine/base.py", line 1416, in execute
    return meth(
           ^^^^^
  File "/home/ozodbek/AVEMOD_PROJECTS/abtest/venv/lib/python3.12/site-packages/sqlalchemy/sql/elements.py", line 523, in _execute_on_connection
    return connection._execute_clauseelement(
           ^^^^^^^^^^^^^^^^^^^^^^^^^^^^^^^^^^
  File "/home/ozodbek/AVEMOD_PROJECTS/abtest/venv/lib/python3.12/site-packages/sqlalchemy/engine/base.py", line 1638, in _execute_clauseelement
    ret = self._execute_context(
          ^^^^^^^^^^^^^^^^^^^^^^
  File "/home/ozodbek/AVEMOD_PROJECTS/abtest/venv/lib/python3.12/site-packages/sqlalchemy/engine/base.py", line 1843, in _execute_context
    return self._exec_single_context(
           ^^^^^^^^^^^^^^^^^^^^^^^^^^
  File "/home/ozodbek/AVEMOD_PROJECTS/abtest/venv/lib/python3.12/site-packages/sqlalchemy/engine/base.py", line 1983, in _exec_single_context
    self._handle_dbapi_exception(
  File "/home/ozodbek/AVEMOD_PROJECTS/abtest/venv/lib/python3.12/site-packages/sqlalchemy/engine/base.py", line 2352, in _handle_dbapi_exception
    raise sqlalchemy_exception.with_traceback(exc_info[2]) from e
  File "/home/ozodbek/AVEMOD_PROJECTS/abtest/venv/lib/python3.12/site-packages/sqlalchemy/engine/base.py", line 1964, in _exec_single_context
    self.dialect.do_execute(
  File "/home/ozodbek/AVEMOD_PROJECTS/abtest/venv/lib/python3.12/site-packages/sqlalchemy/engine/default.py", line 945, in do_execute
    cursor.execute(statement, parameters)
  File "/home/ozodbek/AVEMOD_PROJECTS/abtest/venv/lib/python3.12/site-packages/sqlalchemy/dialects/postgresql/asyncpg.py", line 580, in execute
    self._adapt_connection.await_(
  File "/home/ozodbek/AVEMOD_PROJECTS/abtest/venv/lib/python3.12/site-packages/sqlalchemy/util/_concurrency_py3k.py", line 132, in await_only
    return current.parent.switch(awaitable)  # type: ignore[no-any-return,attr-defined] # noqa: E501
           ^^^^^^^^^^^^^^^^^^^^^^^^^^^^^^^^
  File "/home/ozodbek/AVEMOD_PROJECTS/abtest/venv/lib/python3.12/site-packages/sqlalchemy/util/_concurrency_py3k.py", line 196, in greenlet_spawn
    value = await result
            ^^^^^^^^^^^^
  File "/home/ozodbek/AVEMOD_PROJECTS/abtest/venv/lib/python3.12/site-packages/sqlalchemy/dialects/postgresql/asyncpg.py", line 558, in _prepare_and_execute
    self._handle_exception(error)
  File "/home/ozodbek/AVEMOD_PROJECTS/abtest/venv/lib/python3.12/site-packages/sqlalchemy/dialects/postgresql/asyncpg.py", line 508, in _handle_exception
    self._adapt_connection._handle_exception(error)
  File "/home/ozodbek/AVEMOD_PROJECTS/abtest/venv/lib/python3.12/site-packages/sqlalchemy/dialects/postgresql/asyncpg.py", line 792, in _handle_exception
    raise translated_error from error
sqlalchemy.exc.DBAPIError: (sqlalchemy.dialects.postgresql.asyncpg.Error) <class 'asyncpg.exceptions.StringDataRightTruncationError'>: value too long for type character varying(32)
[SQL: UPDATE alembic_version SET version_num='0013_stage_timeout_and_winner_safety' WHERE alembic_version.version_num = '0012_admin_audit_logs']
(Background on this error at: https://sqlalche.me/e/20/dbapi)
