WB VERIFY STILL OLD IMAGE test_id=1 nm_id=92000 slot=1 attempt=1 previous_sha=107adc9650b4617bb80c0c15eae129daa024d7a3d993e2658d33551b4ce3bf67
WB VERIFY HASH MISMATCH test_id=1 nm_id=92000 slot=1 attempt=1 distance=6
WB VERIFY STILL OLD IMAGE test_id=1 nm_id=92000 slot=1 attempt=2 previous_sha=107adc9650b4617bb80c0c15eae129daa024d7a3d993e2658d33551b4ce3bf67
WB VERIFY HASH MISMATCH test_id=1 nm_id=92000 slot=1 attempt=2 distance=6
WB VERIFY STILL OLD IMAGE test_id=1 nm_id=92000 slot=1 attempt=3 previous_sha=107adc9650b4617bb80c0c15eae129daa024d7a3d993e2658d33551b4ce3bf67
WB VERIFY HASH MISMATCH test_id=1 nm_id=92000 slot=1 attempt=3 distance=6
WB VERIFY STILL OLD IMAGE test_id=1 nm_id=92000 slot=1 attempt=4 previous_sha=107adc9650b4617bb80c0c15eae129daa024d7a3d993e2658d33551b4ce3bf67
WB VERIFY HASH MISMATCH test_id=1 nm_id=92000 slot=1 attempt=4 distance=6
WB VERIFY STILL OLD IMAGE test_id=1 nm_id=92000 slot=1 attempt=5 previous_sha=107adc9650b4617bb80c0c15eae129daa024d7a3d993e2658d33551b4ce3bf67
WB VERIFY HASH MISMATCH test_id=1 nm_id=92000 slot=1 attempt=5 distance=6
WB VERIFY FAILED test_id=1 nm_id=92000 slot=1 attempts=5
A/B scheduler sync failed test_id=1 nm_id=92000
Traceback (most recent call last):
  File "/home/ozodbek/AVEMOD_PROJECTS/abtest/backend/app/services/ab_test_service.py", line 6278, in _scheduler_sync_one
    await self._sync_loaded(locked_test)
  File "/home/ozodbek/AVEMOD_PROJECTS/abtest/backend/app/services/ab_test_service.py", line 5609, in _sync_loaded
    handled = await self._process_pending_image_retry(
              ^^^^^^^^^^^^^^^^^^^^^^^^^^^^^^^^^^^^^^^^
  File "/home/ozodbek/AVEMOD_PROJECTS/abtest/backend/app/services/ab_test_service.py", line 2587, in _process_pending_image_retry
    raise ABTestReconciliationRequired(
app.services.ab_test_service.ABTestReconciliationRequired: Реклама остановлена: Wildberries не подтвердил замену изображения после повторной загрузки. Инцидент INC-3BF2AFAD3E88.
